// Jest Snapshot v1, https://goo.gl/fbAQLP

exports[`<DocumentsView /> Should render and match the snapshot 1`] = `
<div
  class="styledComponents__TableContainer-fhggrt-7 gRfYPI"
>
  <div
    class="GradientBorder-zuziiu-0 ldijcC"
  />
  <div
    class="GradientBorder-zuziiu-0 crasIP"
  />
  <div
    class="GradientBorder-zuziiu-0 kSpIlI"
  />
  <div
    class="GradientBorder-zuziiu-0 cgqNXZ"
  />
  <table
    class="styledComponents__StyledTable-fhggrt-1 fYoUQb"
  >
    <thead
      class="styledComponents__StyledTableHead-fhggrt-4 styledComponents__DocumentsTableHead-sc-721u5q-0 auRJh"
    >
      <tr
        class="styledComponents__StyledTableRow-fhggrt-6 fSdBuc"
      >
        <th
          class="styledComponents__StyledTableHeader-fhggrt-5 bDgOie"
          scope="col"
        >
          <button
            class="MuiButtonBase-root MuiButton-root MuiButton-text styledComponents__StyledButton-sc-1723w1c-0 guxOHO MuiButton-disableElevation"
            tabindex="0"
            type="button"
          >
            <span
              class="MuiButton-label"
            >
              date sent
              <span
                class="MuiButton-endIcon MuiButton-iconSizeMedium"
              >
                <svg
                  aria-hidden="true"
                  class="MuiSvgIcon-root"
                  focusable="false"
                  style="height: 0.8rem; width: 0.8rem;"
                  viewBox="7 7 10 10"
                >
                  <path
                    d="M0 0h24v24H0z"
                    fill="none"
                  />
                  <path
                    d="M7 10l5 5 5-5z"
                    fill="rgb(136, 136, 136)"
                  />
                </svg>
              </span>
            </span>
          </button>
        </th>
        <th
          class="styledComponents__StyledTableHeader-fhggrt-5 bDgOie"
          scope="col"
        >
          time sent
        </th>
        <th
          class="styledComponents__StyledTableHeader-fhggrt-5 bDgOie"
          scope="col"
        >
          <button
            class="MuiButtonBase-root MuiButton-root MuiButton-text styledComponents__StyledButton-sc-1723w1c-0 guxOHO MuiButton-disableElevation"
            tabindex="0"
            type="button"
          >
            <span
              class="MuiButton-label"
            >
              type
              <span
                class="MuiButton-endIcon MuiButton-iconSizeMedium"
              >
                <svg
                  aria-hidden="true"
                  class="MuiSvgIcon-root"
                  focusable="false"
                  style="height: 0.8rem; width: 0.8rem;"
                  viewBox="7 7 10 10"
                >
                  <path
                    d="M0 0h24v24H0z"
                    fill="none"
                  />
                  <path
                    d="M7 10l5 5 5-5z"
                    fill="rgb(136, 136, 136)"
                  />
                </svg>
              </span>
            </span>
          </button>
        </th>
        <th
          class="styledComponents__StyledTableHeader-fhggrt-5 bDgOie"
          scope="col"
        >
          <button
            class="MuiButtonBase-root MuiButton-root MuiButton-text styledComponents__StyledButton-sc-1723w1c-0 guxOHO MuiButton-disableElevation"
            tabindex="0"
            type="button"
          >
            <span
              class="MuiButton-label"
            >
              from
              <span
                class="MuiButton-endIcon MuiButton-iconSizeMedium"
              >
                <svg
                  aria-hidden="true"
                  class="MuiSvgIcon-root"
                  focusable="false"
                  style="height: 0.8rem; width: 0.8rem;"
                  viewBox="7 7 10 10"
                >
                  <path
                    d="M0 0h24v24H0z"
                    fill="none"
                  />
                  <path
                    d="M7 10l5 5 5-5z"
                    fill="rgb(136, 136, 136)"
                  />
                </svg>
              </span>
            </span>
          </button>
        </th>
        <th
          class="styledComponents__StyledTableHeader-fhggrt-5 bDgOie"
          scope="col"
        >
          desc
        </th>
        <th
          class="styledComponents__StyledTableHeader-fhggrt-5 bDgOie"
          scope="col"
        >
          pdf
        </th>
      </tr>
    </thead>
    <tbody
      class="styledComponents__StyledTableBody-fhggrt-2 faBsMU"
    >
      <tr
        class="styledComponents__StyledTableRow-fhggrt-6 fSdBuc"
      >
        <td
          class="styledComponents__StyledTableData-fhggrt-3 ksTgJN"
        >
          date sent
        </td>
        <td
          class="styledComponents__StyledTableData-fhggrt-3 ksTgJN"
        >
          time sent
        </td>
        <td
          class="styledComponents__StyledTableData-fhggrt-3 ksTgJN"
        >
          type
        </td>
        <td
          class="styledComponents__StyledTableData-fhggrt-3 ksTgJN"
        >
          from
        </td>
        <td
          class="styledComponents__StyledTableData-fhggrt-3 ksTgJN"
        >
          desc
        </td>
        <td
          class="styledComponents__StyledTableData-fhggrt-3 ksTgJN"
        >
          <button
            class="MuiButtonBase-root styledComponents__StyledButton-sc-1xk0fom-0 fEIblC"
            tabindex="0"
            type="button"
          >
            download
          </button>
        </td>
      </tr>
    </tbody>
    <thead>
      <tr>
        <td
          class="styledComponents__TableFooterCell-fhggrt-8 gtQmvA"
        >
          hidden text
        </td>
      </tr>
    </thead>
  </table>
</div>
`;
