// Jest Snapshot v1, https://goo.gl/fbAQLP

exports[`<HomeView /> Should render and match the snapshot 1`] = `
<section
  class="styledComponents__StyledSection-gk85wv-0 eyjsLj"
>
  <div
    style="padding: 1rem;"
  >
    HomeView
  </div>
</section>
`;
