// Jest Snapshot v1, https://goo.gl/fbAQLP

exports[`<App /> should render and match the snapshot 1`] = `
<Provider
  store={
    Object {
      "dispatch": [Function],
      "getState": [Function],
      "injectedReducers": Object {},
      "injectedSagas": Object {},
      "replaceReducer": [Function],
      "runSaga": [Function],
      "subscribe": [Function],
      Symbol(observable): [Function],
    }
  }
>
  <Memo(ConnectFunction)
    history={
      Object {
        "action": "POP",
        "block": [Function],
        "createHref": [Function],
        "go": [Function],
        "goBack": [Function],
        "goForward": [Function],
        "length": 1,
        "listen": [Function],
        "location": Object {
          "hash": "",
          "pathname": "/",
          "search": "",
          "state": undefined,
        },
        "push": [Function],
        "replace": [Function],
      }
    }
  >
    <Memo(ConnectFunction) />
  </Memo(ConnectFunction)>
</Provider>
`;
