// Jest Snapshot v1, https://goo.gl/fbAQLP

exports[`<Header /> Should render and match the snapshot 1`] = `
<header
  class="styledComponents__HeaderWrapper-sc-1jp3vlc-0 cOVGpl"
/>
`;
