// Jest Snapshot v1, https://goo.gl/fbAQLP

exports[`<TabWrapper /> Should render and match the snapshot 1`] = `
<section
  class="TabWrapper-j2wsfb-0 beIMbY"
/>
`;
