// Jest Snapshot v1, https://goo.gl/fbAQLP

exports[`<NotFoundView /> Should render and match the snapshot 1`] = `
<section
  aria-labelledby="misc-tab"
  class="TabWrapper-j2wsfb-0 beIMbY"
  id="misc-view"
>
  <div
    class="styledComponents__NotFoundViewWrapper-sc-1vxcvo3-0 jLgTwp"
  >
    NotFoundView
  </div>
</section>
`;
